  Geri y├╝klenecek projeler belirleniyor...
  Geri y├╝kleme i├ğin t├╝m projeler g├╝ncel.
  MyDietitianMobileApp.Domain -> C:\Users\hy971\source\repos\MyDietitianMobileApp\src\MyDietitianMobileApp.Domain\bin\Debug\net8.0\MyDietitianMobileApp.Domain.dll
  MyDietitianMobileApp.Infrastructure -> C:\Users\hy971\source\repos\MyDietitianMobileApp\src\MyDietitianMobileApp.Infrastructure\bin\Debug\net8.0\MyDietitianMobileApp.Infrastructure.dll
C:\Users\hy971\source\repos\MyDietitianMobileApp\src\MyDietitianMobileApp.Application\DTOs\RecipeMatchResultDto.cs(6,23): warning CS8618: Null atanamaz ├Âzellik 'RecipeName', olu┼şturucudan ├ğ─▒k─▒┼ş yaparken null olmayan bir de─şer i├ğermelidir. 'Gerekli' de─şi┼ştiricisini ekleyin veya ├Âzellik de─şerini null atanabilir olarak bildirmeyi g├Âz ├Ân├╝nde bulundurun. [C:\Users\hy971\source\repos\MyDietitianMobileApp\src\MyDietitianMobileApp.Application\MyDietitianMobileApp.Application.csproj]
C:\Users\hy971\source\repos\MyDietitianMobileApp\src\MyDietitianMobileApp.Application\DTOs\RecipeMatchResultDto.cs(8,29): warning CS8618: Null atanamaz ├Âzellik 'MatchedIngredients', olu┼şturucudan ├ğ─▒k─▒┼ş yaparken null olmayan bir de─şer i├ğermelidir. 'Gerekli' de─şi┼ştiricisini ekleyin veya ├Âzellik de─şerini null atanabilir olarak bildirmeyi g├Âz ├Ân├╝nde bulundurun. [C:\Users\hy971\source\repos\MyDietitianMobileApp\src\MyDietitianMobileApp.Application\MyDietitianMobileApp.Application.csproj]
C:\Users\hy971\source\repos\MyDietitianMobileApp\src\MyDietitianMobileApp.Application\DTOs\RecipeMatchResultDto.cs(9,29): warning CS8618: Null atanamaz ├Âzellik 'MissingMandatoryIngredients', olu┼şturucudan ├ğ─▒k─▒┼ş yaparken null olmayan bir de─şer i├ğermelidir. 'Gerekli' de─şi┼ştiricisini ekleyin veya ├Âzellik de─şerini null atanabilir olarak bildirmeyi g├Âz ├Ân├╝nde bulundurun. [C:\Users\hy971\source\repos\MyDietitianMobileApp\src\MyDietitianMobileApp.Application\MyDietitianMobileApp.Application.csproj]
C:\Users\hy971\source\repos\MyDietitianMobileApp\src\MyDietitianMobileApp.Application\DTOs\RecipeMatchResultDto.cs(10,29): warning CS8618: Null atanamaz ├Âzellik 'MissingOptionalIngredients', olu┼şturucudan ├ğ─▒k─▒┼ş yaparken null olmayan bir de─şer i├ğermelidir. 'Gerekli' de─şi┼ştiricisini ekleyin veya ├Âzellik de─şerini null atanabilir olarak bildirmeyi g├Âz ├Ân├╝nde bulundurun. [C:\Users\hy971\source\repos\MyDietitianMobileApp\src\MyDietitianMobileApp.Application\MyDietitianMobileApp.Application.csproj]
C:\Users\hy971\source\repos\MyDietitianMobileApp\src\MyDietitianMobileApp.Application\Queries\SearchIngredientsQuery.cs(20,23): warning CS8618: Null atanamaz ├Âzellik 'CanonicalName', olu┼şturucudan ├ğ─▒k─▒┼ş yaparken null olmayan bir de─şer i├ğermelidir. 'Gerekli' de─şi┼ştiricisini ekleyin veya ├Âzellik de─şerini null atanabilir olarak bildirmeyi g├Âz ├Ân├╝nde bulundurun. [C:\Users\hy971\source\repos\MyDietitianMobileApp\src\MyDietitianMobileApp.Application\MyDietitianMobileApp.Application.csproj]
C:\Users\hy971\source\repos\MyDietitianMobileApp\src\MyDietitianMobileApp.Application\Queries\SearchIngredientsQuery.cs(21,44): warning CS8618: Null atanamaz ├Âzellik 'Aliases', olu┼şturucudan ├ğ─▒k─▒┼ş yaparken null olmayan bir de─şer i├ğermelidir. 'Gerekli' de─şi┼ştiricisini ekleyin veya ├Âzellik de─şerini null atanabilir olarak bildirmeyi g├Âz ├Ân├╝nde bulundurun. [C:\Users\hy971\source\repos\MyDietitianMobileApp\src\MyDietitianMobileApp.Application\MyDietitianMobileApp.Application.csproj]
C:\Users\hy971\source\repos\MyDietitianMobileApp\src\MyDietitianMobileApp.Application\Queries\MatchRecipesQueryHandler.cs(42,43): warning CS0618: 'Ingredient.Name' art─▒k kullan─▒lm─▒yor: 'Use Recipe-Ingredient relationship instead' [C:\Users\hy971\source\repos\MyDietitianMobileApp\src\MyDietitianMobileApp.Application\MyDietitianMobileApp.Application.csproj]
C:\Users\hy971\source\repos\MyDietitianMobileApp\src\MyDietitianMobileApp.Application\Queries\MatchRecipesQueryHandler.cs(73,43): warning CS0618: 'Ingredient.Name' art─▒k kullan─▒lm─▒yor: 'Use Recipe-Ingredient relationship instead' [C:\Users\hy971\source\repos\MyDietitianMobileApp\src\MyDietitianMobileApp.Application\MyDietitianMobileApp.Application.csproj]
C:\Users\hy971\source\repos\MyDietitianMobileApp\src\MyDietitianMobileApp.Application\Queries\MatchRecipesQueryHandler.cs(78,43): warning CS0618: 'Ingredient.Name' art─▒k kullan─▒lm─▒yor: 'Use Recipe-Ingredient relationship instead' [C:\Users\hy971\source\repos\MyDietitianMobileApp\src\MyDietitianMobileApp.Application\MyDietitianMobileApp.Application.csproj]
C:\Users\hy971\source\repos\MyDietitianMobileApp\src\MyDietitianMobileApp.Application\Queries\ListRecipesByActiveDietitianQuery.cs(14,23): warning CS8618: Null atanamaz ├Âzellik 'Name', olu┼şturucudan ├ğ─▒k─▒┼ş yaparken null olmayan bir de─şer i├ğermelidir. 'Gerekli' de─şi┼ştiricisini ekleyin veya ├Âzellik de─şerini null atanabilir olarak bildirmeyi g├Âz ├Ân├╝nde bulundurun. [C:\Users\hy971\source\repos\MyDietitianMobileApp\src\MyDietitianMobileApp.Application\MyDietitianMobileApp.Application.csproj]
C:\Users\hy971\source\repos\MyDietitianMobileApp\src\MyDietitianMobileApp.Application\Queries\ListRecipesByActiveDietitianQuery.cs(15,23): warning CS8618: Null atanamaz ├Âzellik 'Description', olu┼şturucudan ├ğ─▒k─▒┼ş yaparken null olmayan bir de─şer i├ğermelidir. 'Gerekli' de─şi┼ştiricisini ekleyin veya ├Âzellik de─şerini null atanabilir olarak bildirmeyi g├Âz ├Ân├╝nde bulundurun. [C:\Users\hy971\source\repos\MyDietitianMobileApp\src\MyDietitianMobileApp.Application\MyDietitianMobileApp.Application.csproj]
C:\Users\hy971\source\repos\MyDietitianMobileApp\src\MyDietitianMobileApp.Application\Queries\ListAllIngredientsQuery.cs(14,23): warning CS8618: Null atanamaz ├Âzellik 'CanonicalName', olu┼şturucudan ├ğ─▒k─▒┼ş yaparken null olmayan bir de─şer i├ğermelidir. 'Gerekli' de─şi┼ştiricisini ekleyin veya ├Âzellik de─şerini null atanabilir olarak bildirmeyi g├Âz ├Ân├╝nde bulundurun. [C:\Users\hy971\source\repos\MyDietitianMobileApp\src\MyDietitianMobileApp.Application\MyDietitianMobileApp.Application.csproj]
C:\Users\hy971\source\repos\MyDietitianMobileApp\src\MyDietitianMobileApp.Application\Queries\ListAllIngredientsQuery.cs(15,44): warning CS8618: Null atanamaz ├Âzellik 'Aliases', olu┼şturucudan ├ğ─▒k─▒┼ş yaparken null olmayan bir de─şer i├ğermelidir. 'Gerekli' de─şi┼ştiricisini ekleyin veya ├Âzellik de─şerini null atanabilir olarak bildirmeyi g├Âz ├Ân├╝nde bulundurun. [C:\Users\hy971\source\repos\MyDietitianMobileApp\src\MyDietitianMobileApp.Application\MyDietitianMobileApp.Application.csproj]
C:\Users\hy971\source\repos\MyDietitianMobileApp\src\MyDietitianMobileApp.Application\Queries\GetLiveClientsQueryHandler.cs(94,55): warning CS0618: 'Ingredient.Name' art─▒k kullan─▒lm─▒yor: 'Use Recipe-Ingredient relationship instead' [C:\Users\hy971\source\repos\MyDietitianMobileApp\src\MyDietitianMobileApp.Application\MyDietitianMobileApp.Application.csproj]
C:\Users\hy971\source\repos\MyDietitianMobileApp\src\MyDietitianMobileApp.Application\Handlers\RegisterClientCommandHandler.cs(82,39): error CS0234: 'IdentityModel' t├╝r veya ad alan─▒ ad─▒ 'System' ad alan─▒nda yok (bir derleme ba┼şvurunuz mu eksik?) [C:\Users\hy971\source\repos\MyDietitianMobileApp\src\MyDietitianMobileApp.Application\MyDietitianMobileApp.Application.csproj]
C:\Users\hy971\source\repos\MyDietitianMobileApp\src\MyDietitianMobileApp.Application\Handlers\RegisterClientCommandHandler.cs(97,45): error CS0234: 'IdentityModel' t├╝r veya ad alan─▒ ad─▒ 'Microsoft' ad alan─▒nda yok (bir derleme ba┼şvurunuz mu eksik?) [C:\Users\hy971\source\repos\MyDietitianMobileApp\src\MyDietitianMobileApp.Application\MyDietitianMobileApp.Application.csproj]
C:\Users\hy971\source\repos\MyDietitianMobileApp\src\MyDietitianMobileApp.Application\Handlers\RegisterClientCommandHandler.cs(103,48): error CS0234: 'IdentityModel' t├╝r veya ad alan─▒ ad─▒ 'Microsoft' ad alan─▒nda yok (bir derleme ba┼şvurunuz mu eksik?) [C:\Users\hy971\source\repos\MyDietitianMobileApp\src\MyDietitianMobileApp.Application\MyDietitianMobileApp.Application.csproj]
C:\Users\hy971\source\repos\MyDietitianMobileApp\src\MyDietitianMobileApp.Application\Handlers\RegisterClientCommandHandler.cs(104,31): error CS0234: 'IdentityModel' t├╝r veya ad alan─▒ ad─▒ 'Microsoft' ad alan─▒nda yok (bir derleme ba┼şvurunuz mu eksik?) [C:\Users\hy971\source\repos\MyDietitianMobileApp\src\MyDietitianMobileApp.Application\MyDietitianMobileApp.Application.csproj]
C:\Users\hy971\source\repos\MyDietitianMobileApp\src\MyDietitianMobileApp.Application\Handlers\RegisterClientCommandHandler.cs(105,17): error CS0234: 'IdentityModel' t├╝r veya ad alan─▒ ad─▒ 'Microsoft' ad alan─▒nda yok (bir derleme ba┼şvurunuz mu eksik?) [C:\Users\hy971\source\repos\MyDietitianMobileApp\src\MyDietitianMobileApp.Application\MyDietitianMobileApp.Application.csproj]
C:\Users\hy971\source\repos\MyDietitianMobileApp\src\MyDietitianMobileApp.Application\Handlers\LoginClientCommandHandler.cs(94,39): error CS0234: 'IdentityModel' t├╝r veya ad alan─▒ ad─▒ 'System' ad alan─▒nda yok (bir derleme ba┼şvurunuz mu eksik?) [C:\Users\hy971\source\repos\MyDietitianMobileApp\src\MyDietitianMobileApp.Application\MyDietitianMobileApp.Application.csproj]
C:\Users\hy971\source\repos\MyDietitianMobileApp\src\MyDietitianMobileApp.Application\Handlers\LoginClientCommandHandler.cs(109,45): error CS0234: 'IdentityModel' t├╝r veya ad alan─▒ ad─▒ 'Microsoft' ad alan─▒nda yok (bir derleme ba┼şvurunuz mu eksik?) [C:\Users\hy971\source\repos\MyDietitianMobileApp\src\MyDietitianMobileApp.Application\MyDietitianMobileApp.Application.csproj]
C:\Users\hy971\source\repos\MyDietitianMobileApp\src\MyDietitianMobileApp.Application\Handlers\LoginClientCommandHandler.cs(115,48): error CS0234: 'IdentityModel' t├╝r veya ad alan─▒ ad─▒ 'Microsoft' ad alan─▒nda yok (bir derleme ba┼şvurunuz mu eksik?) [C:\Users\hy971\source\repos\MyDietitianMobileApp\src\MyDietitianMobileApp.Application\MyDietitianMobileApp.Application.csproj]
C:\Users\hy971\source\repos\MyDietitianMobileApp\src\MyDietitianMobileApp.Application\Handlers\LoginClientCommandHandler.cs(116,31): error CS0234: 'IdentityModel' t├╝r veya ad alan─▒ ad─▒ 'Microsoft' ad alan─▒nda yok (bir derleme ba┼şvurunuz mu eksik?) [C:\Users\hy971\source\repos\MyDietitianMobileApp\src\MyDietitianMobileApp.Application\MyDietitianMobileApp.Application.csproj]
C:\Users\hy971\source\repos\MyDietitianMobileApp\src\MyDietitianMobileApp.Application\Handlers\LoginClientCommandHandler.cs(117,17): error CS0234: 'IdentityModel' t├╝r veya ad alan─▒ ad─▒ 'Microsoft' ad alan─▒nda yok (bir derleme ba┼şvurunuz mu eksik?) [C:\Users\hy971\source\repos\MyDietitianMobileApp\src\MyDietitianMobileApp.Application\MyDietitianMobileApp.Application.csproj]
C:\Users\hy971\source\repos\MyDietitianMobileApp\src\MyDietitianMobileApp.Application\Queries\GetDailyComplianceQueryHandler.cs(92,56): warning CS0618: 'Ingredient.Name' art─▒k kullan─▒lm─▒yor: 'Use Recipe-Ingredient relationship instead' [C:\Users\hy971\source\repos\MyDietitianMobileApp\src\MyDietitianMobileApp.Application\MyDietitianMobileApp.Application.csproj]

Olu┼şturma BA┼ŞARISIZ OLDU.

C:\Users\hy971\source\repos\MyDietitianMobileApp\src\MyDietitianMobileApp.Application\DTOs\RecipeMatchResultDto.cs(6,23): warning CS8618: Null atanamaz ├Âzellik 'RecipeName', olu┼şturucudan ├ğ─▒k─▒┼ş yaparken null olmayan bir de─şer i├ğermelidir. 'Gerekli' de─şi┼ştiricisini ekleyin veya ├Âzellik de─şerini null atanabilir olarak bildirmeyi g├Âz ├Ân├╝nde bulundurun. [C:\Users\hy971\source\repos\MyDietitianMobileApp\src\MyDietitianMobileApp.Application\MyDietitianMobileApp.Application.csproj]
C:\Users\hy971\source\repos\MyDietitianMobileApp\src\MyDietitianMobileApp.Application\DTOs\RecipeMatchResultDto.cs(8,29): warning CS8618: Null atanamaz ├Âzellik 'MatchedIngredients', olu┼şturucudan ├ğ─▒k─▒┼ş yaparken null olmayan bir de─şer i├ğermelidir. 'Gerekli' de─şi┼ştiricisini ekleyin veya ├Âzellik de─şerini null atanabilir olarak bildirmeyi g├Âz ├Ân├╝nde bulundurun. [C:\Users\hy971\source\repos\MyDietitianMobileApp\src\MyDietitianMobileApp.Application\MyDietitianMobileApp.Application.csproj]
C:\Users\hy971\source\repos\MyDietitianMobileApp\src\MyDietitianMobileApp.Application\DTOs\RecipeMatchResultDto.cs(9,29): warning CS8618: Null atanamaz ├Âzellik 'MissingMandatoryIngredients', olu┼şturucudan ├ğ─▒k─▒┼ş yaparken null olmayan bir de─şer i├ğermelidir. 'Gerekli' de─şi┼ştiricisini ekleyin veya ├Âzellik de─şerini null atanabilir olarak bildirmeyi g├Âz ├Ân├╝nde bulundurun. [C:\Users\hy971\source\repos\MyDietitianMobileApp\src\MyDietitianMobileApp.Application\MyDietitianMobileApp.Application.csproj]
C:\Users\hy971\source\repos\MyDietitianMobileApp\src\MyDietitianMobileApp.Application\DTOs\RecipeMatchResultDto.cs(10,29): warning CS8618: Null atanamaz ├Âzellik 'MissingOptionalIngredients', olu┼şturucudan ├ğ─▒k─▒┼ş yaparken null olmayan bir de─şer i├ğermelidir. 'Gerekli' de─şi┼ştiricisini ekleyin veya ├Âzellik de─şerini null atanabilir olarak bildirmeyi g├Âz ├Ân├╝nde bulundurun. [C:\Users\hy971\source\repos\MyDietitianMobileApp\src\MyDietitianMobileApp.Application\MyDietitianMobileApp.Application.csproj]
C:\Users\hy971\source\repos\MyDietitianMobileApp\src\MyDietitianMobileApp.Application\Queries\SearchIngredientsQuery.cs(20,23): warning CS8618: Null atanamaz ├Âzellik 'CanonicalName', olu┼şturucudan ├ğ─▒k─▒┼ş yaparken null olmayan bir de─şer i├ğermelidir. 'Gerekli' de─şi┼ştiricisini ekleyin veya ├Âzellik de─şerini null atanabilir olarak bildirmeyi g├Âz ├Ân├╝nde bulundurun. [C:\Users\hy971\source\repos\MyDietitianMobileApp\src\MyDietitianMobileApp.Application\MyDietitianMobileApp.Application.csproj]
C:\Users\hy971\source\repos\MyDietitianMobileApp\src\MyDietitianMobileApp.Application\Queries\SearchIngredientsQuery.cs(21,44): warning CS8618: Null atanamaz ├Âzellik 'Aliases', olu┼şturucudan ├ğ─▒k─▒┼ş yaparken null olmayan bir de─şer i├ğermelidir. 'Gerekli' de─şi┼ştiricisini ekleyin veya ├Âzellik de─şerini null atanabilir olarak bildirmeyi g├Âz ├Ân├╝nde bulundurun. [C:\Users\hy971\source\repos\MyDietitianMobileApp\src\MyDietitianMobileApp.Application\MyDietitianMobileApp.Application.csproj]
C:\Users\hy971\source\repos\MyDietitianMobileApp\src\MyDietitianMobileApp.Application\Queries\MatchRecipesQueryHandler.cs(42,43): warning CS0618: 'Ingredient.Name' art─▒k kullan─▒lm─▒yor: 'Use Recipe-Ingredient relationship instead' [C:\Users\hy971\source\repos\MyDietitianMobileApp\src\MyDietitianMobileApp.Application\MyDietitianMobileApp.Application.csproj]
C:\Users\hy971\source\repos\MyDietitianMobileApp\src\MyDietitianMobileApp.Application\Queries\MatchRecipesQueryHandler.cs(73,43): warning CS0618: 'Ingredient.Name' art─▒k kullan─▒lm─▒yor: 'Use Recipe-Ingredient relationship instead' [C:\Users\hy971\source\repos\MyDietitianMobileApp\src\MyDietitianMobileApp.Application\MyDietitianMobileApp.Application.csproj]
C:\Users\hy971\source\repos\MyDietitianMobileApp\src\MyDietitianMobileApp.Application\Queries\MatchRecipesQueryHandler.cs(78,43): warning CS0618: 'Ingredient.Name' art─▒k kullan─▒lm─▒yor: 'Use Recipe-Ingredient relationship instead' [C:\Users\hy971\source\repos\MyDietitianMobileApp\src\MyDietitianMobileApp.Application\MyDietitianMobileApp.Application.csproj]
C:\Users\hy971\source\repos\MyDietitianMobileApp\src\MyDietitianMobileApp.Application\Queries\ListRecipesByActiveDietitianQuery.cs(14,23): warning CS8618: Null atanamaz ├Âzellik 'Name', olu┼şturucudan ├ğ─▒k─▒┼ş yaparken null olmayan bir de─şer i├ğermelidir. 'Gerekli' de─şi┼ştiricisini ekleyin veya ├Âzellik de─şerini null atanabilir olarak bildirmeyi g├Âz ├Ân├╝nde bulundurun. [C:\Users\hy971\source\repos\MyDietitianMobileApp\src\MyDietitianMobileApp.Application\MyDietitianMobileApp.Application.csproj]
C:\Users\hy971\source\repos\MyDietitianMobileApp\src\MyDietitianMobileApp.Application\Queries\ListRecipesByActiveDietitianQuery.cs(15,23): warning CS8618: Null atanamaz ├Âzellik 'Description', olu┼şturucudan ├ğ─▒k─▒┼ş yaparken null olmayan bir de─şer i├ğermelidir. 'Gerekli' de─şi┼ştiricisini ekleyin veya ├Âzellik de─şerini null atanabilir olarak bildirmeyi g├Âz ├Ân├╝nde bulundurun. [C:\Users\hy971\source\repos\MyDietitianMobileApp\src\MyDietitianMobileApp.Application\MyDietitianMobileApp.Application.csproj]
C:\Users\hy971\source\repos\MyDietitianMobileApp\src\MyDietitianMobileApp.Application\Queries\ListAllIngredientsQuery.cs(14,23): warning CS8618: Null atanamaz ├Âzellik 'CanonicalName', olu┼şturucudan ├ğ─▒k─▒┼ş yaparken null olmayan bir de─şer i├ğermelidir. 'Gerekli' de─şi┼ştiricisini ekleyin veya ├Âzellik de─şerini null atanabilir olarak bildirmeyi g├Âz ├Ân├╝nde bulundurun. [C:\Users\hy971\source\repos\MyDietitianMobileApp\src\MyDietitianMobileApp.Application\MyDietitianMobileApp.Application.csproj]
C:\Users\hy971\source\repos\MyDietitianMobileApp\src\MyDietitianMobileApp.Application\Queries\ListAllIngredientsQuery.cs(15,44): warning CS8618: Null atanamaz ├Âzellik 'Aliases', olu┼şturucudan ├ğ─▒k─▒┼ş yaparken null olmayan bir de─şer i├ğermelidir. 'Gerekli' de─şi┼ştiricisini ekleyin veya ├Âzellik de─şerini null atanabilir olarak bildirmeyi g├Âz ├Ân├╝nde bulundurun. [C:\Users\hy971\source\repos\MyDietitianMobileApp\src\MyDietitianMobileApp.Application\MyDietitianMobileApp.Application.csproj]
C:\Users\hy971\source\repos\MyDietitianMobileApp\src\MyDietitianMobileApp.Application\Queries\GetLiveClientsQueryHandler.cs(94,55): warning CS0618: 'Ingredient.Name' art─▒k kullan─▒lm─▒yor: 'Use Recipe-Ingredient relationship instead' [C:\Users\hy971\source\repos\MyDietitianMobileApp\src\MyDietitianMobileApp.Application\MyDietitianMobileApp.Application.csproj]
C:\Users\hy971\source\repos\MyDietitianMobileApp\src\MyDietitianMobileApp.Application\Queries\GetDailyComplianceQueryHandler.cs(92,56): warning CS0618: 'Ingredient.Name' art─▒k kullan─▒lm─▒yor: 'Use Recipe-Ingredient relationship instead' [C:\Users\hy971\source\repos\MyDietitianMobileApp\src\MyDietitianMobileApp.Application\MyDietitianMobileApp.Application.csproj]
C:\Users\hy971\source\repos\MyDietitianMobileApp\src\MyDietitianMobileApp.Application\Handlers\RegisterClientCommandHandler.cs(82,39): error CS0234: 'IdentityModel' t├╝r veya ad alan─▒ ad─▒ 'System' ad alan─▒nda yok (bir derleme ba┼şvurunuz mu eksik?) [C:\Users\hy971\source\repos\MyDietitianMobileApp\src\MyDietitianMobileApp.Application\MyDietitianMobileApp.Application.csproj]
C:\Users\hy971\source\repos\MyDietitianMobileApp\src\MyDietitianMobileApp.Application\Handlers\RegisterClientCommandHandler.cs(97,45): error CS0234: 'IdentityModel' t├╝r veya ad alan─▒ ad─▒ 'Microsoft' ad alan─▒nda yok (bir derleme ba┼şvurunuz mu eksik?) [C:\Users\hy971\source\repos\MyDietitianMobileApp\src\MyDietitianMobileApp.Application\MyDietitianMobileApp.Application.csproj]
C:\Users\hy971\source\repos\MyDietitianMobileApp\src\MyDietitianMobileApp.Application\Handlers\RegisterClientCommandHandler.cs(103,48): error CS0234: 'IdentityModel' t├╝r veya ad alan─▒ ad─▒ 'Microsoft' ad alan─▒nda yok (bir derleme ba┼şvurunuz mu eksik?) [C:\Users\hy971\source\repos\MyDietitianMobileApp\src\MyDietitianMobileApp.Application\MyDietitianMobileApp.Application.csproj]
C:\Users\hy971\source\repos\MyDietitianMobileApp\src\MyDietitianMobileApp.Application\Handlers\RegisterClientCommandHandler.cs(104,31): error CS0234: 'IdentityModel' t├╝r veya ad alan─▒ ad─▒ 'Microsoft' ad alan─▒nda yok (bir derleme ba┼şvurunuz mu eksik?) [C:\Users\hy971\source\repos\MyDietitianMobileApp\src\MyDietitianMobileApp.Application\MyDietitianMobileApp.Application.csproj]
C:\Users\hy971\source\repos\MyDietitianMobileApp\src\MyDietitianMobileApp.Application\Handlers\RegisterClientCommandHandler.cs(105,17): error CS0234: 'IdentityModel' t├╝r veya ad alan─▒ ad─▒ 'Microsoft' ad alan─▒nda yok (bir derleme ba┼şvurunuz mu eksik?) [C:\Users\hy971\source\repos\MyDietitianMobileApp\src\MyDietitianMobileApp.Application\MyDietitianMobileApp.Application.csproj]
C:\Users\hy971\source\repos\MyDietitianMobileApp\src\MyDietitianMobileApp.Application\Handlers\LoginClientCommandHandler.cs(94,39): error CS0234: 'IdentityModel' t├╝r veya ad alan─▒ ad─▒ 'System' ad alan─▒nda yok (bir derleme ba┼şvurunuz mu eksik?) [C:\Users\hy971\source\repos\MyDietitianMobileApp\src\MyDietitianMobileApp.Application\MyDietitianMobileApp.Application.csproj]
C:\Users\hy971\source\repos\MyDietitianMobileApp\src\MyDietitianMobileApp.Application\Handlers\LoginClientCommandHandler.cs(109,45): error CS0234: 'IdentityModel' t├╝r veya ad alan─▒ ad─▒ 'Microsoft' ad alan─▒nda yok (bir derleme ba┼şvurunuz mu eksik?) [C:\Users\hy971\source\repos\MyDietitianMobileApp\src\MyDietitianMobileApp.Application\MyDietitianMobileApp.Application.csproj]
C:\Users\hy971\source\repos\MyDietitianMobileApp\src\MyDietitianMobileApp.Application\Handlers\LoginClientCommandHandler.cs(115,48): error CS0234: 'IdentityModel' t├╝r veya ad alan─▒ ad─▒ 'Microsoft' ad alan─▒nda yok (bir derleme ba┼şvurunuz mu eksik?) [C:\Users\hy971\source\repos\MyDietitianMobileApp\src\MyDietitianMobileApp.Application\MyDietitianMobileApp.Application.csproj]
C:\Users\hy971\source\repos\MyDietitianMobileApp\src\MyDietitianMobileApp.Application\Handlers\LoginClientCommandHandler.cs(116,31): error CS0234: 'IdentityModel' t├╝r veya ad alan─▒ ad─▒ 'Microsoft' ad alan─▒nda yok (bir derleme ba┼şvurunuz mu eksik?) [C:\Users\hy971\source\repos\MyDietitianMobileApp\src\MyDietitianMobileApp.Application\MyDietitianMobileApp.Application.csproj]
C:\Users\hy971\source\repos\MyDietitianMobileApp\src\MyDietitianMobileApp.Application\Handlers\LoginClientCommandHandler.cs(117,17): error CS0234: 'IdentityModel' t├╝r veya ad alan─▒ ad─▒ 'Microsoft' ad alan─▒nda yok (bir derleme ba┼şvurunuz mu eksik?) [C:\Users\hy971\source\repos\MyDietitianMobileApp\src\MyDietitianMobileApp.Application\MyDietitianMobileApp.Application.csproj]
    15 Uyar─▒
    10 Hata

Ge├ğen S├╝re 00:00:03.79

─░┼ş y├╝k├╝ g├╝ncelle┼ştirmeleri var. Daha fazla bilgi i├ğin `dotnet workload list` ├ğal─▒┼şt─▒r─▒n.
